##############################################################
	               Kerberos Installation
##############################################################

- select jdk both licence while deploying Cloudera

CM - configuration - search for dfs.permission - check HDFS permission

connect with cm and worker node in cli 

## Install kerberos KDC and Admin server
## On Cm host install kdc and admin server

$ sudo apt-get install -y rng-tools

$ sudo apt install krb5-kdc krb5-admin-server

For realm give : HADOOP.COM
Kerberos server for your realm : <private-dns-of-cm>
                               : <private-dns-of-cm>
$ sudo krb5_newrealm
  password-   

## Check the krb5.conf

$ nano /etc/krb5.conf


$ sudo kadmin.local
: addprinc cm/admin
: quit

$ sudo nano /etc/krb5kdc/kadm5.acl
   paste this line in the end-----

cm/admin@HADOOP.COM        *

$ sudo /etc/init.d/krb5-admin-server restart


$ sudo kadmin.local
: addprinc user1
: exit

## Check kdc.conf for kdc configurations

/usr/share/doc/krb5-kdc/examples/kdc.conf


---In worker node cli---


## Intall kerberos clients


$ sudo apt-get install krb5-user libpam-krb5 libpam-ccreds auth-client-config

Note : Provide the KDC realm and servers hostname properly

For realm give : HADOOP.COM
Kerberos server for your realm : <private-dns-of-cm>
                               : <private-dns-of-cm>



$ kinit -p user1
  password - 

$ klist

--------do Install kerberos clients on remaining nodes--------

--------------------------------------------------------------

open CM  - adminstration - security - enable kerboras - check all on 1st page - 
                -kdc server         - private dns of cm
                -adminstration host - private dns of cm
                -max renewable      - 7 days

next manage krb5.conf - default (leave uncheck as default)
next username : cm/admin
     password : 123 
Done--

--------------------------------------------------------------

--worker node cli--

$ hdfs dfs -mkdir /abc
-it wil show error---- client cannot authenticate 

$ export HADOOP_USER_NAME=hdfs   -this cmd is used for bypass

$ hdfs dfs -mkdir /abc
-it wil show error---- client cannot authenticate 

--on worker cli---

# create hdfs user

$ cd /etc
$ sudo nano /etc/passwd
 - hdfs - inn the end /sbin/nologin - CHANGE IT into /bin/bash
$ sudo passwd hdfs 
 - give password
$ su hdfs 
 - it will connect to hdfs 

--on cm cli----

$ sudo kadmin.local
: addprinc hdfs  (hdfs=user -- admin can give any name)
  password-

--on worker cli----

$ kinit -p hdfs 
  password-
$ hdfs dfs -mkdir /user/hdfs
$ hdfs dfs -ls /user
---admin can see file /user/hdfs


$ hdfs dfs -chown hdfs:hdfs /user/hdfs
$ hdfs dfs -ls /user
$ hdfs dfs -chmod 660 /user/hdfs
$ hdfs dfs -ls /user
--------------------------------------------------------------

                 #### Troubleshooting####

If you see entropythreshold issue in CM fire below command on CM host

$ sudo apt-get install -y rng-tools

## Download JCE(Java Cryptography extension) jar and copy it to proper location
(Do this if you have not installed JCE jar during CM installation)

on local machine:
wget -c http://download.oracle.com/otn-pub/java/jce/7/UnlimitedJCEPolicyJDK7.zip

scp -i key.pem UnlimitedJCEPolicy/US_export_policy.jar ubuntu@ip:/usr/lib/jvm/java-7-oracle-cloudera/jre/lib/security/

(Do this for all hosts)


## Open a new terminal on you local machine

chmod +x clustercmd.sh

./clustercmd.sh sudo useradd userb -u 1006
./clustercmd.sh sudo useradd userc -u 1007
./clustercmd.sh sudo useradd admin -u 1008
./clustercmd.sh sudo useradd user2 -u 1009

$ cat > cm
<pu-dns-of-cm>

$ ssh -i rafiq.pem ubuntu@$(cat cm)

## Create a principal for hdfs superuser

sudo kadmin.local
addprinc hdfs@HADOOP.com

## Create principal for other users

addprinc usera
addprinc userb
addprinc admin
addprinc user2
addprinc userc

##Go to any node 

kinit -p hdfs 

hdfs dfs -mkdir /user/jango


--------------------------------------------------------------


                    ## Kerberos Commands##

-> Adding principal
addprinc prinname

-> Deleting Principal
delprinc princname

-> Listing all principals
listprincs

-> Getting information about a particular principal
getprinc princname

-> Change password for particular principal
cpw princname

--------------------------------------------------------------
